// Jest Snapshot v1, https://goo.gl/fbAQLP

exports[`With Snapshot Testing Footer shows "Footer" 1`] = `
<footer
  className="jsx-2161472823"
>
  Footer
</footer>
`;
