// Jest Snapshot v1, https://goo.gl/fbAQLP

exports[`Gallery should match with snapshot 1`] = `
<div
  className="jsx-3488773145"
>
  <header
    className="jsx-1922746274"
  >
    Car Photos
  </header>
  <div
    className="jsx-2977150191 gallery"
  >
    <a
      className="jsx-2977150191 photoLink"
      href="/photo?id=some-url/for-image-1.jpg"
      onClick={[Function]}
    >
      <article>
        <picture
          className="jsx-3329984789 pic"
        >
          <source
            className="jsx-3329984789"
            media="(min-width: 36em)"
            sizes="33.3vw"
            srcSet="http://some-url/for-image-1.jpg_27.jpg 1024w, http://some-url/for-image-1.jpg_27.jpg 640w, http://some-url/for-image-1.jpg$_27.jpg 320w"
          />
          <source
            className="jsx-3329984789"
            srcSet="http://some-url/for-image-1.jpg_27.jpg 2x, http://some-url/for-image-1.jpg_2.jpg 1x"
          />
          <img
            className="jsx-3329984789"
            src="http://some-url/for-image-1.jpg_27.jpg"
          />
        </picture>
        <span
          className="jsx-2158314212 title"
        >
          Some title for gallery
        </span>
      </article>
    </a>
    <a
      className="jsx-2977150191 photoLink"
      href="/photo?id=some-url/for-image-2.jpg"
      onClick={[Function]}
    >
      <article>
        <picture
          className="jsx-3329984789 pic"
        >
          <source
            className="jsx-3329984789"
            media="(min-width: 36em)"
            sizes="33.3vw"
            srcSet="http://some-url/for-image-2.jpg_27.jpg 1024w, http://some-url/for-image-2.jpg_27.jpg 640w, http://some-url/for-image-2.jpg$_27.jpg 320w"
          />
          <source
            className="jsx-3329984789"
            srcSet="http://some-url/for-image-2.jpg_27.jpg 2x, http://some-url/for-image-2.jpg_2.jpg 1x"
          />
          <img
            className="jsx-3329984789"
            src="http://some-url/for-image-2.jpg_27.jpg"
          />
        </picture>
        <span
          className="jsx-2158314212 title"
        >
          Some title for gallery
        </span>
      </article>
    </a>
    <a
      className="jsx-2977150191 photoLink"
      href="/photo?id=some-url/for-image-3.jpg"
      onClick={[Function]}
    >
      <article>
        <picture
          className="jsx-3329984789 pic"
        >
          <source
            className="jsx-3329984789"
            media="(min-width: 36em)"
            sizes="33.3vw"
            srcSet="http://some-url/for-image-3.jpg_27.jpg 1024w, http://some-url/for-image-3.jpg_27.jpg 640w, http://some-url/for-image-3.jpg$_27.jpg 320w"
          />
          <source
            className="jsx-3329984789"
            srcSet="http://some-url/for-image-3.jpg_27.jpg 2x, http://some-url/for-image-3.jpg_2.jpg 1x"
          />
          <img
            className="jsx-3329984789"
            src="http://some-url/for-image-3.jpg_27.jpg"
          />
        </picture>
        <span
          className="jsx-2158314212 title"
        >
          Some title for gallery
        </span>
      </article>
    </a>
    <a
      className="jsx-2977150191 photoLink"
      href="/photo?id=some-url/for-image-4.jpg"
      onClick={[Function]}
    >
      <article>
        <picture
          className="jsx-3329984789 pic"
        >
          <source
            className="jsx-3329984789"
            media="(min-width: 36em)"
            sizes="33.3vw"
            srcSet="http://some-url/for-image-4.jpg_27.jpg 1024w, http://some-url/for-image-4.jpg_27.jpg 640w, http://some-url/for-image-4.jpg$_27.jpg 320w"
          />
          <source
            className="jsx-3329984789"
            srcSet="http://some-url/for-image-4.jpg_27.jpg 2x, http://some-url/for-image-4.jpg_2.jpg 1x"
          />
          <img
            className="jsx-3329984789"
            src="http://some-url/for-image-4.jpg_27.jpg"
          />
        </picture>
        <span
          className="jsx-2158314212 title"
        >
          Some title for gallery
        </span>
      </article>
    </a>
    <a
      className="jsx-2977150191 photoLink"
      href="/photo?id=some-url/for-image-5.jpg"
      onClick={[Function]}
    >
      <article>
        <picture
          className="jsx-3329984789 pic"
        >
          <source
            className="jsx-3329984789"
            media="(min-width: 36em)"
            sizes="33.3vw"
            srcSet="http://some-url/for-image-5.jpg_27.jpg 1024w, http://some-url/for-image-5.jpg_27.jpg 640w, http://some-url/for-image-5.jpg$_27.jpg 320w"
          />
          <source
            className="jsx-3329984789"
            srcSet="http://some-url/for-image-5.jpg_27.jpg 2x, http://some-url/for-image-5.jpg_2.jpg 1x"
          />
          <img
            className="jsx-3329984789"
            src="http://some-url/for-image-5.jpg_27.jpg"
          />
        </picture>
        <span
          className="jsx-2158314212 title"
        >
          Some title for gallery
        </span>
      </article>
    </a>
  </div>
</div>
`;
