// Jest Snapshot v1, https://goo.gl/fbAQLP

exports[`With Snapshot Testing Header shows "Header" 1`] = `
<header>
  Header
</header>
`;
